2026-02-18 21:58:00 | Log file: ./Intro_problem/games/logs/step1_20260218_215800.log
2026-02-18 21:58:00 | ============================================================
2026-02-18 21:58:00 | Experiment Configuration
2026-02-18 21:58:00 | ============================================================
2026-02-18 21:58:00 |   experiment: step1
2026-02-18 21:58:00 |   dataset: games
2026-02-18 21:58:00 |   inter_file: inter
2026-02-18 21:58:00 |   max_len: 50
2026-02-18 21:58:00 |   aug_seq_len: 0
2026-02-18 21:58:00 |   batch_size: 128
2026-02-18 21:58:00 |   num_train_epochs: 100
2026-02-18 21:58:00 |   num_workers: 0
2026-02-18 21:58:00 |   test_neg: 100
2026-02-18 21:58:00 |   lr: 0.001
2026-02-18 21:58:00 |   patience: 20
2026-02-18 21:58:00 |   align_lambda: 1.0
2026-02-18 21:58:00 |   attn_display_len: 20
2026-02-18 21:58:00 |   seed: 42
2026-02-18 21:58:00 | ============================================================
2026-02-18 21:58:00 | Dataset: games | Users: 32227 | Items: 28095
2026-02-18 21:58:01 | Train samples: 298771 | Eval samples: 32184
2026-02-18 21:58:01 | Loaded ID Embedding from ./data/games/handled/pca64_itm_emb_np.pkl, shape: (28097, 64)
2026-02-18 21:58:03 | Loaded Modality Embedding from ./data/games/handled/itm_emb_np.pkl, shape: (28097, 768)
2026-02-18 21:58:03 | ===== Running Step1: ID Embedding + SASRec + BCE =====
2026-02-18 21:58:36 | Epoch 1/100 | Train Loss: 0.1878 | NDCG@10: 0.0167 | HR@10: 0.0346
2026-02-18 21:59:06 | Epoch 2/100 | Train Loss: 0.0503 | NDCG@10: 0.0524 | HR@10: 0.1362
2026-02-18 21:59:41 | Epoch 3/100 | Train Loss: 0.0403 | NDCG@10: 0.1246 | HR@10: 0.3337
2026-02-18 22:00:25 | Epoch 4/100 | Train Loss: 0.0369 | NDCG@10: 0.1569 | HR@10: 0.4105
2026-02-18 22:01:03 | Epoch 5/100 | Train Loss: 0.0346 | NDCG@10: 0.1739 | HR@10: 0.4499
2026-02-18 22:01:49 | Epoch 6/100 | Train Loss: 0.0327 | NDCG@10: 0.1805 | HR@10: 0.4625
2026-02-18 22:02:28 | Epoch 7/100 | Train Loss: 0.0313 | NDCG@10: 0.1950 | HR@10: 0.4960
2026-02-18 22:03:04 | Epoch 8/100 | Train Loss: 0.0301 | NDCG@10: 0.1990 | HR@10: 0.5045
2026-02-18 22:03:41 | Epoch 9/100 | Train Loss: 0.0291 | NDCG@10: 0.2006 | HR@10: 0.5020
2026-02-18 22:04:23 | Epoch 10/100 | Train Loss: 0.0282 | NDCG@10: 0.2086 | HR@10: 0.5190
2026-02-18 22:05:03 | Epoch 11/100 | Train Loss: 0.0274 | NDCG@10: 0.1972 | HR@10: 0.5014
2026-02-18 22:05:48 | Epoch 12/100 | Train Loss: 0.0266 | NDCG@10: 0.2017 | HR@10: 0.5064
2026-02-18 22:06:22 | Epoch 13/100 | Train Loss: 0.0258 | NDCG@10: 0.2043 | HR@10: 0.5059
2026-02-18 22:06:57 | Epoch 14/100 | Train Loss: 0.0250 | NDCG@10: 0.2037 | HR@10: 0.5022
2026-02-18 22:07:22 | Epoch 15/100 | Train Loss: 0.0243 | NDCG@10: 0.2024 | HR@10: 0.5035
2026-02-18 22:07:55 | Epoch 16/100 | Train Loss: 0.0236 | NDCG@10: 0.1984 | HR@10: 0.4936
2026-02-18 22:08:37 | Epoch 17/100 | Train Loss: 0.0230 | NDCG@10: 0.1986 | HR@10: 0.4911
2026-02-18 22:09:22 | Epoch 18/100 | Train Loss: 0.0224 | NDCG@10: 0.1963 | HR@10: 0.4874
2026-02-18 22:10:03 | Epoch 19/100 | Train Loss: 0.0218 | NDCG@10: 0.1992 | HR@10: 0.4920
2026-02-18 22:10:46 | Epoch 20/100 | Train Loss: 0.0212 | NDCG@10: 0.1953 | HR@10: 0.4826
2026-02-18 22:11:24 | Epoch 21/100 | Train Loss: 0.0207 | NDCG@10: 0.1939 | HR@10: 0.4787
2026-02-18 22:12:12 | Epoch 22/100 | Train Loss: 0.0201 | NDCG@10: 0.1897 | HR@10: 0.4701
2026-02-18 22:12:53 | Epoch 23/100 | Train Loss: 0.0197 | NDCG@10: 0.1912 | HR@10: 0.4706
2026-02-18 22:13:19 | Epoch 24/100 | Train Loss: 0.0192 | NDCG@10: 0.1872 | HR@10: 0.4656
2026-02-18 22:13:54 | Epoch 25/100 | Train Loss: 0.0188 | NDCG@10: 0.1885 | HR@10: 0.4662
2026-02-18 22:14:31 | Epoch 26/100 | Train Loss: 0.0184 | NDCG@10: 0.1869 | HR@10: 0.4622
2026-02-18 22:15:10 | Epoch 27/100 | Train Loss: 0.0180 | NDCG@10: 0.1859 | HR@10: 0.4579
2026-02-18 22:15:56 | Epoch 28/100 | Train Loss: 0.0177 | NDCG@10: 0.1855 | HR@10: 0.4558
2026-02-18 22:16:27 | Epoch 29/100 | Train Loss: 0.0173 | NDCG@10: 0.1813 | HR@10: 0.4498
2026-02-18 22:17:04 | Epoch 30/100 | Train Loss: 0.0170 | NDCG@10: 0.1797 | HR@10: 0.4436
2026-02-18 22:17:04 | Early stopping at epoch 30, best epoch: 10, best NDCG@10: 0.2086
2026-02-18 22:17:04 | Training finished. Best epoch: 10, Best NDCG@10: 0.2086
2026-02-18 22:17:04 | Step1 Item Embedding saved to ./Intro_problem/games/step1_item_emb.pkl
2026-02-18 22:17:04 | Collecting attention weights (display_len=20)...
2026-02-18 22:17:18 | Averaged over 2698 samples
2026-02-18 22:17:20 | Attention heatmap saved to ./Intro_problem/games/step1/attn_heatmap_step1.png
