2026-02-18 21:29:20 | Log file: ./Intro_problem/musical/logs/step2_20260218_212920.log
2026-02-18 21:29:20 | ============================================================
2026-02-18 21:29:20 | Experiment Configuration
2026-02-18 21:29:20 | ============================================================
2026-02-18 21:29:20 |   experiment: step2
2026-02-18 21:29:20 |   dataset: musical
2026-02-18 21:29:20 |   inter_file: inter
2026-02-18 21:29:20 |   max_len: 50
2026-02-18 21:29:20 |   aug_seq_len: 0
2026-02-18 21:29:20 |   batch_size: 128
2026-02-18 21:29:20 |   num_train_epochs: 100
2026-02-18 21:29:20 |   num_workers: 0
2026-02-18 21:29:20 |   test_neg: 100
2026-02-18 21:29:20 |   lr: 0.001
2026-02-18 21:29:20 |   patience: 20
2026-02-18 21:29:20 |   align_lambda: 1.0
2026-02-18 21:29:20 |   attn_display_len: 20
2026-02-18 21:29:20 |   seed: 42
2026-02-18 21:29:20 | ============================================================
2026-02-18 21:29:21 | Dataset: musical | Users: 40642 | Items: 30674
2026-02-18 21:29:22 | Train samples: 201673 | Eval samples: 40262
2026-02-18 21:29:22 | Loaded ID Embedding from ./data/musical/handled/pca64_itm_emb_np.pkl, shape: (30678, 64)
2026-02-18 21:29:22 | Loaded Modality Embedding from ./data/musical/handled/itm_emb_np.pkl, shape: (30678, 768)
2026-02-18 21:29:22 | ===== Running Step2: Modality Embedding + SASRec + BCE =====
2026-02-18 21:30:12 | Epoch 1/100 | Train Loss: 0.2430 | NDCG@10: 0.0188 | HR@10: 0.0435
2026-02-18 21:30:51 | Epoch 2/100 | Train Loss: 0.8087 | NDCG@10: 0.1641 | HR@10: 0.3221
2026-02-18 21:31:29 | Epoch 3/100 | Train Loss: 0.2089 | NDCG@10: 0.1183 | HR@10: 0.2388
2026-02-18 21:32:06 | Epoch 4/100 | Train Loss: 0.1597 | NDCG@10: 0.0892 | HR@10: 0.1651
2026-02-18 21:32:49 | Epoch 5/100 | Train Loss: 0.0755 | NDCG@10: 0.1268 | HR@10: 0.2390
2026-02-18 21:33:31 | Epoch 6/100 | Train Loss: 0.0496 | NDCG@10: 0.1504 | HR@10: 0.2829
2026-02-18 21:34:18 | Epoch 7/100 | Train Loss: 0.0594 | NDCG@10: 0.1483 | HR@10: 0.2795
2026-02-18 21:35:00 | Epoch 8/100 | Train Loss: 0.0418 | NDCG@10: 0.2050 | HR@10: 0.3659
2026-02-18 21:35:38 | Epoch 9/100 | Train Loss: 0.0394 | NDCG@10: 0.2482 | HR@10: 0.4304
2026-02-18 21:36:16 | Epoch 10/100 | Train Loss: 0.0912 | NDCG@10: 0.2450 | HR@10: 0.4243
2026-02-18 21:36:55 | Epoch 11/100 | Train Loss: 0.0510 | NDCG@10: 0.2478 | HR@10: 0.4333
2026-02-18 21:37:36 | Epoch 12/100 | Train Loss: 0.0383 | NDCG@10: 0.2733 | HR@10: 0.4681
2026-02-18 21:38:19 | Epoch 13/100 | Train Loss: 0.0343 | NDCG@10: 0.2806 | HR@10: 0.4699
2026-02-18 21:39:03 | Epoch 14/100 | Train Loss: 0.0334 | NDCG@10: 0.2957 | HR@10: 0.4908
2026-02-18 21:39:43 | Epoch 15/100 | Train Loss: 0.0317 | NDCG@10: 0.3003 | HR@10: 0.4932
2026-02-18 21:40:23 | Epoch 16/100 | Train Loss: 0.0297 | NDCG@10: 0.3277 | HR@10: 0.5252
2026-02-18 21:41:04 | Epoch 17/100 | Train Loss: 0.0276 | NDCG@10: 0.3234 | HR@10: 0.5178
2026-02-18 21:41:43 | Epoch 18/100 | Train Loss: 0.0255 | NDCG@10: 0.3326 | HR@10: 0.5277
2026-02-18 21:42:25 | Epoch 19/100 | Train Loss: 0.0236 | NDCG@10: 0.3192 | HR@10: 0.5128
2026-02-18 21:43:05 | Epoch 20/100 | Train Loss: 0.0218 | NDCG@10: 0.3324 | HR@10: 0.5236
2026-02-18 21:43:43 | Epoch 21/100 | Train Loss: 0.0203 | NDCG@10: 0.3314 | HR@10: 0.5239
2026-02-18 21:44:21 | Epoch 22/100 | Train Loss: 0.0188 | NDCG@10: 0.3286 | HR@10: 0.5166
2026-02-18 21:44:58 | Epoch 23/100 | Train Loss: 0.0177 | NDCG@10: 0.3332 | HR@10: 0.5235
2026-02-18 21:45:43 | Epoch 24/100 | Train Loss: 0.0166 | NDCG@10: 0.3369 | HR@10: 0.5243
2026-02-18 21:46:29 | Epoch 25/100 | Train Loss: 0.0157 | NDCG@10: 0.3151 | HR@10: 0.4986
2026-02-18 21:47:11 | Epoch 26/100 | Train Loss: 0.0146 | NDCG@10: 0.3271 | HR@10: 0.5115
2026-02-18 21:47:52 | Epoch 27/100 | Train Loss: 0.0143 | NDCG@10: 0.3262 | HR@10: 0.5080
2026-02-18 21:48:29 | Epoch 28/100 | Train Loss: 0.0135 | NDCG@10: 0.3292 | HR@10: 0.5102
2026-02-18 21:49:07 | Epoch 29/100 | Train Loss: 0.0127 | NDCG@10: 0.3342 | HR@10: 0.5166
2026-02-18 21:49:44 | Epoch 30/100 | Train Loss: 0.0122 | NDCG@10: 0.3146 | HR@10: 0.4916
2026-02-18 21:50:21 | Epoch 31/100 | Train Loss: 0.0116 | NDCG@10: 0.3238 | HR@10: 0.5017
2026-02-18 21:50:58 | Epoch 32/100 | Train Loss: 0.0112 | NDCG@10: 0.3127 | HR@10: 0.4895
2026-02-18 21:51:35 | Epoch 33/100 | Train Loss: 0.0108 | NDCG@10: 0.3193 | HR@10: 0.4948
2026-02-18 21:52:12 | Epoch 34/100 | Train Loss: 0.0103 | NDCG@10: 0.3248 | HR@10: 0.4982
2026-02-18 21:52:49 | Epoch 35/100 | Train Loss: 0.0099 | NDCG@10: 0.3184 | HR@10: 0.4902
2026-02-18 21:53:31 | Epoch 36/100 | Train Loss: 0.0098 | NDCG@10: 0.3168 | HR@10: 0.4904
2026-02-18 21:54:13 | Epoch 37/100 | Train Loss: 0.0095 | NDCG@10: 0.3113 | HR@10: 0.4804
2026-02-18 21:54:55 | Epoch 38/100 | Train Loss: 0.0092 | NDCG@10: 0.3135 | HR@10: 0.4835
2026-02-18 21:55:36 | Epoch 39/100 | Train Loss: 0.0089 | NDCG@10: 0.3141 | HR@10: 0.4839
2026-02-18 21:56:13 | Epoch 40/100 | Train Loss: 0.0086 | NDCG@10: 0.3098 | HR@10: 0.4775
2026-02-18 21:56:51 | Epoch 41/100 | Train Loss: 0.0083 | NDCG@10: 0.3015 | HR@10: 0.4642
2026-02-18 21:57:28 | Epoch 42/100 | Train Loss: 0.0082 | NDCG@10: 0.3091 | HR@10: 0.4729
2026-02-18 21:58:05 | Epoch 43/100 | Train Loss: 0.0081 | NDCG@10: 0.3042 | HR@10: 0.4683
2026-02-18 21:58:45 | Epoch 44/100 | Train Loss: 0.0081 | NDCG@10: 0.3013 | HR@10: 0.4618
2026-02-18 21:58:45 | Early stopping at epoch 44, best epoch: 24, best NDCG@10: 0.3369
2026-02-18 21:58:45 | Training finished. Best epoch: 24, Best NDCG@10: 0.3369
2026-02-18 21:58:46 | Collecting attention weights (display_len=20)...
2026-02-18 21:59:02 | Averaged over 1293 samples
2026-02-18 21:59:02 | Attention heatmap saved to ./Intro_problem/musical/step2/attn_heatmap_step2.png
