2026-02-17 19:11:15 | Log file: ./Intro_problem/beauty2014/logs/step4_20260217_191115.log
2026-02-17 19:11:15 | ============================================================
2026-02-17 19:11:15 | Experiment Configuration
2026-02-17 19:11:15 | ============================================================
2026-02-17 19:11:15 |   experiment: step4
2026-02-17 19:11:15 |   dataset: beauty2014
2026-02-17 19:11:15 |   inter_file: inter
2026-02-17 19:11:15 |   max_len: 200
2026-02-17 19:11:15 |   aug_seq_len: 0
2026-02-17 19:11:15 |   batch_size: 128
2026-02-17 19:11:15 |   num_train_epochs: 100
2026-02-17 19:11:15 |   num_workers: 0
2026-02-17 19:11:15 |   test_neg: 100
2026-02-17 19:11:15 |   lr: 0.001
2026-02-17 19:11:15 |   patience: 20
2026-02-17 19:11:15 |   align_lambda: 1.0
2026-02-17 19:11:15 |   seed: 42
2026-02-17 19:11:15 | ============================================================
2026-02-17 19:11:15 | Dataset: beauty2014 | Users: 52200 | Items: 57287
2026-02-17 19:11:16 | Train samples: 240462 | Eval samples: 50498
2026-02-17 19:11:16 | Loaded ID Embedding from ./data/beauty2014/handled/pca64_itm_emb_np.pkl, shape: (57291, 64)
2026-02-17 19:11:16 | Loaded Modality Embedding from ./data/beauty2014/handled/itm_emb_np.pkl, shape: (57291, 768)
2026-02-17 19:11:16 | ===== Running Step4: Modality + Normalize Adapter + BCE + MSE Align =====
2026-02-17 19:12:19 | Epoch 1/100 | Train Loss: 0.1091 | NDCG@10: 0.2334 | HR@10: 0.3878
2026-02-17 19:13:10 | Epoch 2/100 | Train Loss: 0.0437 | NDCG@10: 0.2885 | HR@10: 0.4379
2026-02-17 19:14:05 | Epoch 3/100 | Train Loss: 0.1791 | NDCG@10: 0.2586 | HR@10: 0.4030
2026-02-17 19:14:57 | Epoch 4/100 | Train Loss: 0.0492 | NDCG@10: 0.2831 | HR@10: 0.4253
2026-02-17 19:15:46 | Epoch 5/100 | Train Loss: 0.0345 | NDCG@10: 0.2863 | HR@10: 0.4301
2026-02-17 19:16:37 | Epoch 6/100 | Train Loss: 0.0293 | NDCG@10: 0.2906 | HR@10: 0.4364
2026-02-17 19:17:36 | Epoch 7/100 | Train Loss: 0.0266 | NDCG@10: 0.2862 | HR@10: 0.4286
2026-02-17 19:18:33 | Epoch 8/100 | Train Loss: 0.0249 | NDCG@10: 0.2794 | HR@10: 0.4222
2026-02-17 19:19:19 | Epoch 9/100 | Train Loss: 0.0236 | NDCG@10: 0.2827 | HR@10: 0.4252
2026-02-17 19:20:05 | Epoch 10/100 | Train Loss: 0.0226 | NDCG@10: 0.2786 | HR@10: 0.4220
2026-02-17 19:20:51 | Epoch 11/100 | Train Loss: 0.0218 | NDCG@10: 0.2791 | HR@10: 0.4229
2026-02-17 19:21:37 | Epoch 12/100 | Train Loss: 0.0212 | NDCG@10: 0.2766 | HR@10: 0.4195
2026-02-17 19:22:24 | Epoch 13/100 | Train Loss: 0.0206 | NDCG@10: 0.2731 | HR@10: 0.4151
2026-02-17 19:23:10 | Epoch 14/100 | Train Loss: 0.0202 | NDCG@10: 0.2763 | HR@10: 0.4200
2026-02-17 19:23:56 | Epoch 15/100 | Train Loss: 0.0198 | NDCG@10: 0.2758 | HR@10: 0.4184
2026-02-17 19:24:51 | Epoch 16/100 | Train Loss: 0.0193 | NDCG@10: 0.2730 | HR@10: 0.4165
2026-02-17 19:25:46 | Epoch 17/100 | Train Loss: 0.0191 | NDCG@10: 0.2664 | HR@10: 0.4090
2026-02-17 19:26:38 | Epoch 18/100 | Train Loss: 0.0187 | NDCG@10: 0.2703 | HR@10: 0.4127
2026-02-17 19:27:24 | Epoch 19/100 | Train Loss: 0.0185 | NDCG@10: 0.2687 | HR@10: 0.4102
2026-02-17 19:28:10 | Epoch 20/100 | Train Loss: 0.0182 | NDCG@10: 0.2682 | HR@10: 0.4098
2026-02-17 19:28:56 | Epoch 21/100 | Train Loss: 0.0180 | NDCG@10: 0.2663 | HR@10: 0.4093
2026-02-17 19:29:43 | Epoch 22/100 | Train Loss: 0.0178 | NDCG@10: 0.2670 | HR@10: 0.4097
2026-02-17 19:30:30 | Epoch 23/100 | Train Loss: 0.0176 | NDCG@10: 0.2677 | HR@10: 0.4120
2026-02-17 19:31:17 | Epoch 24/100 | Train Loss: 0.0174 | NDCG@10: 0.2679 | HR@10: 0.4101
2026-02-17 19:32:09 | Epoch 25/100 | Train Loss: 0.0172 | NDCG@10: 0.2652 | HR@10: 0.4078
2026-02-17 19:32:55 | Epoch 26/100 | Train Loss: 0.0171 | NDCG@10: 0.2706 | HR@10: 0.4152
2026-02-17 19:32:55 | Early stopping at epoch 26, best epoch: 6, best NDCG@10: 0.2906
2026-02-17 19:32:55 | Training finished. Best epoch: 6, Best NDCG@10: 0.2906
