2026-02-17 17:16:30 | Log file: ./Intro_problem/beauty2014/logs/step2_20260217_171630.log
2026-02-17 17:16:30 | ============================================================
2026-02-17 17:16:30 | Experiment Configuration
2026-02-17 17:16:30 | ============================================================
2026-02-17 17:16:30 |   experiment: step2
2026-02-17 17:16:30 |   dataset: beauty2014
2026-02-17 17:16:30 |   inter_file: inter
2026-02-17 17:16:30 |   max_len: 200
2026-02-17 17:16:30 |   aug_seq_len: 0
2026-02-17 17:16:30 |   batch_size: 128
2026-02-17 17:16:30 |   num_train_epochs: 100
2026-02-17 17:16:30 |   num_workers: 0
2026-02-17 17:16:30 |   test_neg: 100
2026-02-17 17:16:30 |   lr: 0.001
2026-02-17 17:16:30 |   patience: 20
2026-02-17 17:16:30 |   align_lambda: 1.0
2026-02-17 17:16:30 |   seed: 42
2026-02-17 17:16:30 | ============================================================
2026-02-17 17:16:31 | Dataset: beauty2014 | Users: 52200 | Items: 57287
2026-02-17 17:16:31 | Train samples: 240462 | Eval samples: 50498
2026-02-17 17:16:31 | Loaded ID Embedding from ./data/beauty2014/handled/pca64_itm_emb_np.pkl, shape: (57291, 64)
2026-02-17 17:16:31 | Loaded Modality Embedding from ./data/beauty2014/handled/itm_emb_np.pkl, shape: (57291, 768)
2026-02-17 17:16:31 | ===== Running Step2: Modality Embedding + SASRec + BCE =====
