2026-02-17 17:20:26 | Log file: ./Intro_problem/beauty2014/logs/step2_20260217_172026.log
2026-02-17 17:20:26 | ============================================================
2026-02-17 17:20:26 | Experiment Configuration
2026-02-17 17:20:26 | ============================================================
2026-02-17 17:20:26 |   experiment: step2
2026-02-17 17:20:26 |   dataset: beauty2014
2026-02-17 17:20:26 |   inter_file: inter
2026-02-17 17:20:26 |   max_len: 200
2026-02-17 17:20:26 |   aug_seq_len: 0
2026-02-17 17:20:26 |   batch_size: 128
2026-02-17 17:20:26 |   num_train_epochs: 100
2026-02-17 17:20:26 |   num_workers: 0
2026-02-17 17:20:26 |   test_neg: 100
2026-02-17 17:20:26 |   lr: 0.001
2026-02-17 17:20:26 |   patience: 20
2026-02-17 17:20:26 |   align_lambda: 1.0
2026-02-17 17:20:26 |   seed: 42
2026-02-17 17:20:26 | ============================================================
2026-02-17 17:20:27 | Dataset: beauty2014 | Users: 52200 | Items: 57287
2026-02-17 17:20:27 | Train samples: 240462 | Eval samples: 50498
2026-02-17 17:20:27 | Loaded ID Embedding from ./data/beauty2014/handled/pca64_itm_emb_np.pkl, shape: (57291, 64)
2026-02-17 17:20:28 | Loaded Modality Embedding from ./data/beauty2014/handled/itm_emb_np.pkl, shape: (57291, 768)
2026-02-17 17:20:28 | ===== Running Step2: Modality Embedding + SASRec + BCE =====
2026-02-17 17:22:16 | Epoch 1/100 | Train Loss: 0.2634 | NDCG@10: 0.0357 | HR@10: 0.0813
2026-02-17 17:24:04 | Epoch 2/100 | Train Loss: 1.4491 | NDCG@10: 0.0435 | HR@10: 0.0956
2026-02-17 17:25:52 | Epoch 3/100 | Train Loss: 0.3813 | NDCG@10: 0.1523 | HR@10: 0.2884
2026-02-17 17:27:39 | Epoch 4/100 | Train Loss: 0.1356 | NDCG@10: 0.0724 | HR@10: 0.1406
2026-02-17 17:29:23 | Epoch 5/100 | Train Loss: 0.0808 | NDCG@10: 0.1152 | HR@10: 0.2064
2026-02-17 17:31:07 | Epoch 6/100 | Train Loss: 0.2719 | NDCG@10: 0.0829 | HR@10: 0.1630
2026-02-17 17:32:51 | Epoch 7/100 | Train Loss: 0.0664 | NDCG@10: 0.1221 | HR@10: 0.2230
2026-02-17 17:34:35 | Epoch 8/100 | Train Loss: 0.1252 | NDCG@10: 0.1512 | HR@10: 0.2799
2026-02-17 17:36:20 | Epoch 9/100 | Train Loss: 0.0585 | NDCG@10: 0.1632 | HR@10: 0.3007
2026-02-17 17:38:07 | Epoch 10/100 | Train Loss: 0.1003 | NDCG@10: 0.1675 | HR@10: 0.3053
2026-02-17 17:39:55 | Epoch 11/100 | Train Loss: 0.0536 | NDCG@10: 0.1387 | HR@10: 0.2498
2026-02-17 17:41:41 | Epoch 12/100 | Train Loss: 0.0424 | NDCG@10: 0.1273 | HR@10: 0.2336
2026-02-17 17:43:26 | Epoch 13/100 | Train Loss: 0.0528 | NDCG@10: 0.2350 | HR@10: 0.3945
2026-02-17 17:45:14 | Epoch 14/100 | Train Loss: 0.0384 | NDCG@10: 0.2069 | HR@10: 0.3495
2026-02-17 17:46:59 | Epoch 15/100 | Train Loss: 0.0354 | NDCG@10: 0.2501 | HR@10: 0.4081
2026-02-17 17:48:48 | Epoch 16/100 | Train Loss: 0.0329 | NDCG@10: 0.2111 | HR@10: 0.3533
2026-02-17 17:50:32 | Epoch 17/100 | Train Loss: 0.0307 | NDCG@10: 0.2431 | HR@10: 0.3975
2026-02-17 17:52:17 | Epoch 18/100 | Train Loss: 0.0281 | NDCG@10: 0.2322 | HR@10: 0.3885
2026-02-17 17:54:02 | Epoch 19/100 | Train Loss: 0.0255 | NDCG@10: 0.2701 | HR@10: 0.4319
2026-02-17 17:55:50 | Epoch 20/100 | Train Loss: 0.0228 | NDCG@10: 0.2640 | HR@10: 0.4255
2026-02-17 17:57:35 | Epoch 21/100 | Train Loss: 0.0204 | NDCG@10: 0.2444 | HR@10: 0.4011
2026-02-17 17:59:20 | Epoch 22/100 | Train Loss: 0.0180 | NDCG@10: 0.2461 | HR@10: 0.4009
2026-02-17 18:01:05 | Epoch 23/100 | Train Loss: 0.0161 | NDCG@10: 0.2570 | HR@10: 0.4148
2026-02-17 18:02:50 | Epoch 24/100 | Train Loss: 0.0144 | NDCG@10: 0.2519 | HR@10: 0.4095
2026-02-17 18:04:34 | Epoch 25/100 | Train Loss: 0.0131 | NDCG@10: 0.2445 | HR@10: 0.3967
2026-02-17 18:06:18 | Epoch 26/100 | Train Loss: 0.0119 | NDCG@10: 0.2522 | HR@10: 0.4072
2026-02-17 18:08:03 | Epoch 27/100 | Train Loss: 0.0108 | NDCG@10: 0.2450 | HR@10: 0.3974
2026-02-17 18:09:49 | Epoch 28/100 | Train Loss: 0.0101 | NDCG@10: 0.2420 | HR@10: 0.3913
2026-02-17 18:11:35 | Epoch 29/100 | Train Loss: 0.0095 | NDCG@10: 0.2384 | HR@10: 0.3854
2026-02-17 18:13:21 | Epoch 30/100 | Train Loss: 0.0089 | NDCG@10: 0.2429 | HR@10: 0.3895
2026-02-17 18:15:08 | Epoch 31/100 | Train Loss: 0.0081 | NDCG@10: 0.2389 | HR@10: 0.3842
2026-02-17 18:16:53 | Epoch 32/100 | Train Loss: 0.0077 | NDCG@10: 0.2452 | HR@10: 0.3940
2026-02-17 18:18:39 | Epoch 33/100 | Train Loss: 0.0073 | NDCG@10: 0.2379 | HR@10: 0.3832
2026-02-17 18:20:24 | Epoch 34/100 | Train Loss: 0.0069 | NDCG@10: 0.2380 | HR@10: 0.3826
2026-02-17 18:22:11 | Epoch 35/100 | Train Loss: 0.0065 | NDCG@10: 0.2317 | HR@10: 0.3738
2026-02-17 18:23:56 | Epoch 36/100 | Train Loss: 0.0061 | NDCG@10: 0.2345 | HR@10: 0.3759
2026-02-17 18:25:43 | Epoch 37/100 | Train Loss: 0.0059 | NDCG@10: 0.2398 | HR@10: 0.3858
2026-02-17 18:27:28 | Epoch 38/100 | Train Loss: 0.0057 | NDCG@10: 0.2271 | HR@10: 0.3658
2026-02-17 18:29:12 | Epoch 39/100 | Train Loss: 0.0054 | NDCG@10: 0.2205 | HR@10: 0.3570
2026-02-17 18:29:12 | Early stopping at epoch 39, best epoch: 19, best NDCG@10: 0.2701
2026-02-17 18:29:12 | Training finished. Best epoch: 19, Best NDCG@10: 0.2701
