2026-02-17 18:06:54 | Log file: ./Intro_problem/beauty2014/logs/step3_20260217_180654.log
2026-02-17 18:06:54 | ============================================================
2026-02-17 18:06:54 | Experiment Configuration
2026-02-17 18:06:54 | ============================================================
2026-02-17 18:06:54 |   experiment: step3
2026-02-17 18:06:54 |   dataset: beauty2014
2026-02-17 18:06:54 |   inter_file: inter
2026-02-17 18:06:54 |   max_len: 200
2026-02-17 18:06:54 |   aug_seq_len: 0
2026-02-17 18:06:54 |   batch_size: 128
2026-02-17 18:06:54 |   num_train_epochs: 100
2026-02-17 18:06:54 |   num_workers: 0
2026-02-17 18:06:54 |   test_neg: 100
2026-02-17 18:06:54 |   lr: 0.001
2026-02-17 18:06:54 |   patience: 20
2026-02-17 18:06:54 |   align_lambda: 1.0
2026-02-17 18:06:54 |   seed: 42
2026-02-17 18:06:54 | ============================================================
2026-02-17 18:06:55 | Dataset: beauty2014 | Users: 52200 | Items: 57287
2026-02-17 18:06:55 | Train samples: 240462 | Eval samples: 50498
2026-02-17 18:06:55 | Loaded ID Embedding from ./data/beauty2014/handled/pca64_itm_emb_np.pkl, shape: (57291, 64)
2026-02-17 18:06:55 | Loaded Modality Embedding from ./data/beauty2014/handled/itm_emb_np.pkl, shape: (57291, 768)
2026-02-17 18:06:55 | ===== Running Step3: Modality + MLP Adapter + BCE + MSE Align =====
2026-02-17 18:08:00 | Epoch 1/100 | Train Loss: 0.0868 | NDCG@10: 0.2847 | HR@10: 0.4393
2026-02-17 18:08:57 | Epoch 2/100 | Train Loss: 0.0484 | NDCG@10: 0.2988 | HR@10: 0.4455
2026-02-17 18:09:51 | Epoch 3/100 | Train Loss: 0.1240 | NDCG@10: 0.2638 | HR@10: 0.4158
2026-02-17 18:10:44 | Epoch 4/100 | Train Loss: 0.0582 | NDCG@10: 0.2830 | HR@10: 0.4326
2026-02-17 18:11:40 | Epoch 5/100 | Train Loss: 0.0522 | NDCG@10: 0.2897 | HR@10: 0.4405
2026-02-17 18:12:33 | Epoch 6/100 | Train Loss: 0.0484 | NDCG@10: 0.2852 | HR@10: 0.4322
2026-02-17 18:13:26 | Epoch 7/100 | Train Loss: 0.0462 | NDCG@10: 0.2899 | HR@10: 0.4390
2026-02-17 18:14:21 | Epoch 8/100 | Train Loss: 0.0445 | NDCG@10: 0.2891 | HR@10: 0.4372
2026-02-17 18:15:14 | Epoch 9/100 | Train Loss: 0.0432 | NDCG@10: 0.2889 | HR@10: 0.4352
2026-02-17 18:16:08 | Epoch 10/100 | Train Loss: 0.0424 | NDCG@10: 0.2817 | HR@10: 0.4286
2026-02-17 18:16:55 | Epoch 11/100 | Train Loss: 0.0412 | NDCG@10: 0.2842 | HR@10: 0.4280
2026-02-17 18:17:43 | Epoch 12/100 | Train Loss: 0.0404 | NDCG@10: 0.2853 | HR@10: 0.4302
2026-02-17 18:18:31 | Epoch 13/100 | Train Loss: 0.0395 | NDCG@10: 0.2837 | HR@10: 0.4282
2026-02-17 18:19:19 | Epoch 14/100 | Train Loss: 0.0390 | NDCG@10: 0.2875 | HR@10: 0.4328
2026-02-17 18:20:06 | Epoch 15/100 | Train Loss: 0.0387 | NDCG@10: 0.2858 | HR@10: 0.4327
2026-02-17 18:20:54 | Epoch 16/100 | Train Loss: 0.0383 | NDCG@10: 0.2803 | HR@10: 0.4245
2026-02-17 18:21:49 | Epoch 17/100 | Train Loss: 0.0381 | NDCG@10: 0.2833 | HR@10: 0.4288
2026-02-17 18:22:38 | Epoch 18/100 | Train Loss: 0.0379 | NDCG@10: 0.2828 | HR@10: 0.4284
2026-02-17 18:23:36 | Epoch 19/100 | Train Loss: 0.0376 | NDCG@10: 0.2775 | HR@10: 0.4212
2026-02-17 18:24:23 | Epoch 20/100 | Train Loss: 0.0374 | NDCG@10: 0.2815 | HR@10: 0.4287
2026-02-17 18:25:18 | Epoch 21/100 | Train Loss: 0.0372 | NDCG@10: 0.2778 | HR@10: 0.4212
2026-02-17 18:26:07 | Epoch 22/100 | Train Loss: 0.0370 | NDCG@10: 0.2719 | HR@10: 0.4149
2026-02-17 18:26:07 | Early stopping at epoch 22, best epoch: 2, best NDCG@10: 0.2988
2026-02-17 18:26:07 | Training finished. Best epoch: 2, Best NDCG@10: 0.2988
