2026-02-18 21:14:10 | Log file: ./Intro_problem/fashion/logs/step2_20260218_211410.log
2026-02-18 21:14:10 | ============================================================
2026-02-18 21:14:10 | Experiment Configuration
2026-02-18 21:14:10 | ============================================================
2026-02-18 21:14:10 |   experiment: step2
2026-02-18 21:14:10 |   dataset: fashion
2026-02-18 21:14:10 |   inter_file: inter
2026-02-18 21:14:10 |   max_len: 50
2026-02-18 21:14:10 |   aug_seq_len: 0
2026-02-18 21:14:10 |   batch_size: 128
2026-02-18 21:14:10 |   num_train_epochs: 100
2026-02-18 21:14:10 |   num_workers: 0
2026-02-18 21:14:10 |   test_neg: 100
2026-02-18 21:14:10 |   lr: 0.001
2026-02-18 21:14:10 |   patience: 20
2026-02-18 21:14:10 |   align_lambda: 1.0
2026-02-18 21:14:10 |   attn_display_len: 20
2026-02-18 21:14:10 |   seed: 42
2026-02-18 21:14:10 | ============================================================
2026-02-18 21:14:10 | Dataset: fashion | Users: 22024 | Items: 22633
2026-02-18 21:14:10 | Train samples: 12547 | Eval samples: 16005
2026-02-18 21:14:10 | Loaded ID Embedding from ./data/fashion/handled/pca64_itm_emb_np.pkl, shape: (22662, 64)
2026-02-18 21:14:10 | Loaded Modality Embedding from ./data/fashion/handled/itm_emb_np.pkl, shape: (22662, 768)
2026-02-18 21:14:10 | ===== Running Step2: Modality Embedding + SASRec + BCE =====
2026-02-18 21:14:21 | Epoch 1/100 | Train Loss: 1.7294 | NDCG@10: 0.1231 | HR@10: 0.2132
2026-02-18 21:14:30 | Epoch 2/100 | Train Loss: 0.5450 | NDCG@10: 0.1306 | HR@10: 0.2584
2026-02-18 21:14:39 | Epoch 3/100 | Train Loss: 0.7077 | NDCG@10: 0.1669 | HR@10: 0.3081
2026-02-18 21:14:48 | Epoch 4/100 | Train Loss: 0.1248 | NDCG@10: 0.0663 | HR@10: 0.1576
2026-02-18 21:14:57 | Epoch 5/100 | Train Loss: 0.0481 | NDCG@10: 0.1047 | HR@10: 0.2598
2026-02-18 21:15:05 | Epoch 6/100 | Train Loss: 0.0460 | NDCG@10: 0.1206 | HR@10: 0.2767
2026-02-18 21:15:13 | Epoch 7/100 | Train Loss: 0.0443 | NDCG@10: 0.1199 | HR@10: 0.2544
2026-02-18 21:15:21 | Epoch 8/100 | Train Loss: 1.7071 | NDCG@10: 0.2466 | HR@10: 0.3898
2026-02-18 21:15:30 | Epoch 9/100 | Train Loss: 0.7388 | NDCG@10: 0.1574 | HR@10: 0.3068
2026-02-18 21:15:38 | Epoch 10/100 | Train Loss: 0.0752 | NDCG@10: 0.0766 | HR@10: 0.1925
2026-02-18 21:15:46 | Epoch 11/100 | Train Loss: 0.5240 | NDCG@10: 0.2641 | HR@10: 0.4006
2026-02-18 21:15:55 | Epoch 12/100 | Train Loss: 0.0704 | NDCG@10: 0.1099 | HR@10: 0.2766
2026-02-18 21:16:03 | Epoch 13/100 | Train Loss: 0.0472 | NDCG@10: 0.2245 | HR@10: 0.3938
2026-02-18 21:16:11 | Epoch 14/100 | Train Loss: 0.0441 | NDCG@10: 0.2557 | HR@10: 0.4067
2026-02-18 21:16:19 | Epoch 15/100 | Train Loss: 0.0430 | NDCG@10: 0.2421 | HR@10: 0.3925
2026-02-18 21:16:27 | Epoch 16/100 | Train Loss: 0.0424 | NDCG@10: 0.2573 | HR@10: 0.4064
2026-02-18 21:16:35 | Epoch 17/100 | Train Loss: 0.0420 | NDCG@10: 0.2453 | HR@10: 0.3896
2026-02-18 21:16:43 | Epoch 18/100 | Train Loss: 0.0416 | NDCG@10: 0.2612 | HR@10: 0.4037
2026-02-18 21:16:52 | Epoch 19/100 | Train Loss: 0.0412 | NDCG@10: 0.2531 | HR@10: 0.3878
2026-02-18 21:17:00 | Epoch 20/100 | Train Loss: 0.0409 | NDCG@10: 0.2520 | HR@10: 0.3815
2026-02-18 21:17:08 | Epoch 21/100 | Train Loss: 0.0406 | NDCG@10: 0.2765 | HR@10: 0.4077
2026-02-18 21:17:17 | Epoch 22/100 | Train Loss: 0.0404 | NDCG@10: 0.2537 | HR@10: 0.3794
2026-02-18 21:17:24 | Epoch 23/100 | Train Loss: 0.0402 | NDCG@10: 0.2509 | HR@10: 0.3909
2026-02-18 21:17:31 | Epoch 24/100 | Train Loss: 0.0399 | NDCG@10: 0.2665 | HR@10: 0.4063
2026-02-18 21:17:38 | Epoch 25/100 | Train Loss: 0.1654 | NDCG@10: 0.2520 | HR@10: 0.4098
2026-02-18 21:17:46 | Epoch 26/100 | Train Loss: 0.2144 | NDCG@10: 0.1116 | HR@10: 0.2243
2026-02-18 21:17:54 | Epoch 27/100 | Train Loss: 0.0439 | NDCG@10: 0.2196 | HR@10: 0.3619
2026-02-18 21:18:01 | Epoch 28/100 | Train Loss: 0.0412 | NDCG@10: 0.2818 | HR@10: 0.4147
2026-02-18 21:18:10 | Epoch 29/100 | Train Loss: 0.0402 | NDCG@10: 0.2887 | HR@10: 0.4084
2026-02-18 21:18:19 | Epoch 30/100 | Train Loss: 0.0395 | NDCG@10: 0.2911 | HR@10: 0.4140
2026-02-18 21:18:27 | Epoch 31/100 | Train Loss: 0.0391 | NDCG@10: 0.2806 | HR@10: 0.3988
2026-02-18 21:18:35 | Epoch 32/100 | Train Loss: 0.0387 | NDCG@10: 0.3013 | HR@10: 0.4247
2026-02-18 21:18:43 | Epoch 33/100 | Train Loss: 0.0384 | NDCG@10: 0.2904 | HR@10: 0.4095
2026-02-18 21:18:51 | Epoch 34/100 | Train Loss: 0.0380 | NDCG@10: 0.3060 | HR@10: 0.4294
2026-02-18 21:19:02 | Epoch 35/100 | Train Loss: 0.0375 | NDCG@10: 0.2928 | HR@10: 0.4079
2026-02-18 21:19:10 | Epoch 36/100 | Train Loss: 0.0376 | NDCG@10: 0.2977 | HR@10: 0.4119
2026-02-18 21:19:18 | Epoch 37/100 | Train Loss: 0.1037 | NDCG@10: 0.3209 | HR@10: 0.4445
2026-02-18 21:19:27 | Epoch 38/100 | Train Loss: 0.2027 | NDCG@10: 0.2757 | HR@10: 0.3978
2026-02-18 21:19:35 | Epoch 39/100 | Train Loss: 0.0673 | NDCG@10: 0.2474 | HR@10: 0.3714
2026-02-18 21:19:42 | Epoch 40/100 | Train Loss: 0.0384 | NDCG@10: 0.3170 | HR@10: 0.4292
2026-02-18 21:19:50 | Epoch 41/100 | Train Loss: 0.0366 | NDCG@10: 0.3114 | HR@10: 0.4214
2026-02-18 21:19:58 | Epoch 42/100 | Train Loss: 0.0357 | NDCG@10: 0.3076 | HR@10: 0.4142
2026-02-18 21:20:06 | Epoch 43/100 | Train Loss: 0.0349 | NDCG@10: 0.3082 | HR@10: 0.4184
2026-02-18 21:20:14 | Epoch 44/100 | Train Loss: 0.0342 | NDCG@10: 0.3043 | HR@10: 0.4108
2026-02-18 21:20:21 | Epoch 45/100 | Train Loss: 0.0334 | NDCG@10: 0.3095 | HR@10: 0.4184
2026-02-18 21:20:29 | Epoch 46/100 | Train Loss: 0.0326 | NDCG@10: 0.3055 | HR@10: 0.4113
2026-02-18 21:20:37 | Epoch 47/100 | Train Loss: 0.0318 | NDCG@10: 0.3133 | HR@10: 0.4177
2026-02-18 21:20:44 | Epoch 48/100 | Train Loss: 0.0311 | NDCG@10: 0.3122 | HR@10: 0.4167
2026-02-18 21:20:52 | Epoch 49/100 | Train Loss: 0.0304 | NDCG@10: 0.3146 | HR@10: 0.4219
2026-02-18 21:20:59 | Epoch 50/100 | Train Loss: 0.0298 | NDCG@10: 0.3240 | HR@10: 0.4312
2026-02-18 21:21:08 | Epoch 51/100 | Train Loss: 0.0291 | NDCG@10: 0.3140 | HR@10: 0.4201
2026-02-18 21:21:15 | Epoch 52/100 | Train Loss: 0.0286 | NDCG@10: 0.3215 | HR@10: 0.4261
2026-02-18 21:21:23 | Epoch 53/100 | Train Loss: 0.0282 | NDCG@10: 0.3282 | HR@10: 0.4374
2026-02-18 21:21:31 | Epoch 54/100 | Train Loss: 0.0286 | NDCG@10: 0.3360 | HR@10: 0.4447
2026-02-18 21:21:40 | Epoch 55/100 | Train Loss: 0.0288 | NDCG@10: 0.3284 | HR@10: 0.4352
2026-02-18 21:21:47 | Epoch 56/100 | Train Loss: 0.0271 | NDCG@10: 0.3455 | HR@10: 0.4480
2026-02-18 21:21:56 | Epoch 57/100 | Train Loss: 0.0260 | NDCG@10: 0.3374 | HR@10: 0.4420
2026-02-18 21:22:03 | Epoch 58/100 | Train Loss: 0.0251 | NDCG@10: 0.3456 | HR@10: 0.4466
2026-02-18 21:22:12 | Epoch 59/100 | Train Loss: 0.0261 | NDCG@10: 0.3361 | HR@10: 0.4410
2026-02-18 21:22:20 | Epoch 60/100 | Train Loss: 0.0250 | NDCG@10: 0.3423 | HR@10: 0.4424
2026-02-18 21:22:27 | Epoch 61/100 | Train Loss: 0.0250 | NDCG@10: 0.3462 | HR@10: 0.4489
2026-02-18 21:22:36 | Epoch 62/100 | Train Loss: 0.0247 | NDCG@10: 0.3457 | HR@10: 0.4443
2026-02-18 21:22:44 | Epoch 63/100 | Train Loss: 0.0235 | NDCG@10: 0.3521 | HR@10: 0.4523
2026-02-18 21:22:52 | Epoch 64/100 | Train Loss: 0.0228 | NDCG@10: 0.3525 | HR@10: 0.4499
2026-02-18 21:23:00 | Epoch 65/100 | Train Loss: 0.0225 | NDCG@10: 0.3568 | HR@10: 0.4553
2026-02-18 21:23:09 | Epoch 66/100 | Train Loss: 0.0215 | NDCG@10: 0.3569 | HR@10: 0.4527
2026-02-18 21:23:17 | Epoch 67/100 | Train Loss: 0.0226 | NDCG@10: 0.3614 | HR@10: 0.4603
2026-02-18 21:23:27 | Epoch 68/100 | Train Loss: 0.0233 | NDCG@10: 0.3542 | HR@10: 0.4524
2026-02-18 21:23:35 | Epoch 69/100 | Train Loss: 0.0203 | NDCG@10: 0.3589 | HR@10: 0.4537
2026-02-18 21:23:43 | Epoch 70/100 | Train Loss: 0.0194 | NDCG@10: 0.3625 | HR@10: 0.4583
2026-02-18 21:23:52 | Epoch 71/100 | Train Loss: 0.0205 | NDCG@10: 0.3582 | HR@10: 0.4551
2026-02-18 21:24:00 | Epoch 72/100 | Train Loss: 0.0196 | NDCG@10: 0.3629 | HR@10: 0.4579
2026-02-18 21:24:11 | Epoch 73/100 | Train Loss: 0.0182 | NDCG@10: 0.3644 | HR@10: 0.4605
2026-02-18 21:24:21 | Epoch 74/100 | Train Loss: 0.0174 | NDCG@10: 0.3690 | HR@10: 0.4652
2026-02-18 21:24:30 | Epoch 75/100 | Train Loss: 0.0195 | NDCG@10: 0.3657 | HR@10: 0.4637
2026-02-18 21:24:37 | Epoch 76/100 | Train Loss: 0.0174 | NDCG@10: 0.3659 | HR@10: 0.4612
2026-02-18 21:24:45 | Epoch 77/100 | Train Loss: 0.0161 | NDCG@10: 0.3640 | HR@10: 0.4583
2026-02-18 21:24:53 | Epoch 78/100 | Train Loss: 0.0162 | NDCG@10: 0.3674 | HR@10: 0.4629
2026-02-18 21:25:01 | Epoch 79/100 | Train Loss: 0.0149 | NDCG@10: 0.3698 | HR@10: 0.4654
2026-02-18 21:25:10 | Epoch 80/100 | Train Loss: 0.0148 | NDCG@10: 0.3674 | HR@10: 0.4610
2026-02-18 21:25:18 | Epoch 81/100 | Train Loss: 0.0148 | NDCG@10: 0.3653 | HR@10: 0.4606
2026-02-18 21:25:27 | Epoch 82/100 | Train Loss: 0.0144 | NDCG@10: 0.3673 | HR@10: 0.4644
2026-02-18 21:25:35 | Epoch 83/100 | Train Loss: 0.0138 | NDCG@10: 0.3681 | HR@10: 0.4623
2026-02-18 21:25:43 | Epoch 84/100 | Train Loss: 0.0143 | NDCG@10: 0.3689 | HR@10: 0.4651
2026-02-18 21:25:51 | Epoch 85/100 | Train Loss: 0.0145 | NDCG@10: 0.3687 | HR@10: 0.4624
2026-02-18 21:25:58 | Epoch 86/100 | Train Loss: 0.0132 | NDCG@10: 0.3671 | HR@10: 0.4604
2026-02-18 21:26:05 | Epoch 87/100 | Train Loss: 0.0130 | NDCG@10: 0.3738 | HR@10: 0.4703
2026-02-18 21:26:14 | Epoch 88/100 | Train Loss: 0.0126 | NDCG@10: 0.3740 | HR@10: 0.4702
2026-02-18 21:26:22 | Epoch 89/100 | Train Loss: 0.0129 | NDCG@10: 0.3719 | HR@10: 0.4686
2026-02-18 21:26:30 | Epoch 90/100 | Train Loss: 0.0124 | NDCG@10: 0.3685 | HR@10: 0.4634
2026-02-18 21:26:37 | Epoch 91/100 | Train Loss: 0.0121 | NDCG@10: 0.3734 | HR@10: 0.4705
2026-02-18 21:26:44 | Epoch 92/100 | Train Loss: 0.0119 | NDCG@10: 0.3685 | HR@10: 0.4639
2026-02-18 21:26:51 | Epoch 93/100 | Train Loss: 0.0118 | NDCG@10: 0.3739 | HR@10: 0.4682
2026-02-18 21:26:58 | Epoch 94/100 | Train Loss: 0.0116 | NDCG@10: 0.3692 | HR@10: 0.4643
2026-02-18 21:27:05 | Epoch 95/100 | Train Loss: 0.0114 | NDCG@10: 0.3716 | HR@10: 0.4634
2026-02-18 21:27:13 | Epoch 96/100 | Train Loss: 0.0112 | NDCG@10: 0.3695 | HR@10: 0.4629
2026-02-18 21:27:20 | Epoch 97/100 | Train Loss: 0.0116 | NDCG@10: 0.3699 | HR@10: 0.4645
2026-02-18 21:27:27 | Epoch 98/100 | Train Loss: 0.0117 | NDCG@10: 0.3682 | HR@10: 0.4613
2026-02-18 21:27:34 | Epoch 99/100 | Train Loss: 0.0115 | NDCG@10: 0.3671 | HR@10: 0.4615
2026-02-18 21:27:42 | Epoch 100/100 | Train Loss: 0.0112 | NDCG@10: 0.3688 | HR@10: 0.4622
2026-02-18 21:27:42 | Training finished. Best epoch: 88, Best NDCG@10: 0.3740
2026-02-18 21:27:43 | Collecting attention weights (display_len=20)...
2026-02-18 21:27:50 | Averaged over 6 samples
2026-02-18 21:27:51 | Attention heatmap saved to ./Intro_problem/fashion/step2/attn_heatmap_step2.png
