2026-02-18 21:02:53 | Log file: ./Intro_problem/fashion/logs/step1_20260218_210253.log
2026-02-18 21:02:53 | ============================================================
2026-02-18 21:02:53 | Experiment Configuration
2026-02-18 21:02:53 | ============================================================
2026-02-18 21:02:53 |   experiment: step1
2026-02-18 21:02:53 |   dataset: fashion
2026-02-18 21:02:53 |   inter_file: inter
2026-02-18 21:02:53 |   max_len: 50
2026-02-18 21:02:53 |   aug_seq_len: 0
2026-02-18 21:02:53 |   batch_size: 128
2026-02-18 21:02:53 |   num_train_epochs: 100
2026-02-18 21:02:53 |   num_workers: 0
2026-02-18 21:02:53 |   test_neg: 100
2026-02-18 21:02:53 |   lr: 0.001
2026-02-18 21:02:53 |   patience: 20
2026-02-18 21:02:53 |   align_lambda: 1.0
2026-02-18 21:02:53 |   attn_display_len: 20
2026-02-18 21:02:53 |   seed: 42
2026-02-18 21:02:53 | ============================================================
2026-02-18 21:02:53 | Dataset: fashion | Users: 22024 | Items: 22633
2026-02-18 21:02:53 | Train samples: 12547 | Eval samples: 16005
2026-02-18 21:02:53 | Loaded ID Embedding from ./data/fashion/handled/pca64_itm_emb_np.pkl, shape: (22662, 64)
2026-02-18 21:02:53 | Loaded Modality Embedding from ./data/fashion/handled/itm_emb_np.pkl, shape: (22662, 768)
2026-02-18 21:02:53 | ===== Running Step1: ID Embedding + SASRec + BCE =====
2026-02-18 21:03:14 | Epoch 1/100 | Train Loss: 0.5433 | NDCG@10: 0.0241 | HR@10: 0.0505
2026-02-18 21:03:22 | Epoch 2/100 | Train Loss: 0.3148 | NDCG@10: 0.0205 | HR@10: 0.0447
2026-02-18 21:03:30 | Epoch 3/100 | Train Loss: 0.1937 | NDCG@10: 0.0217 | HR@10: 0.0489
2026-02-18 21:03:38 | Epoch 4/100 | Train Loss: 0.1100 | NDCG@10: 0.0225 | HR@10: 0.0505
2026-02-18 21:03:46 | Epoch 5/100 | Train Loss: 0.0664 | NDCG@10: 0.0224 | HR@10: 0.0502
2026-02-18 21:03:53 | Epoch 6/100 | Train Loss: 0.0498 | NDCG@10: 0.0228 | HR@10: 0.0516
2026-02-18 21:04:00 | Epoch 7/100 | Train Loss: 0.0436 | NDCG@10: 0.0235 | HR@10: 0.0519
2026-02-18 21:04:07 | Epoch 8/100 | Train Loss: 0.0409 | NDCG@10: 0.0240 | HR@10: 0.0529
2026-02-18 21:04:13 | Epoch 9/100 | Train Loss: 0.0394 | NDCG@10: 0.0243 | HR@10: 0.0527
2026-02-18 21:04:20 | Epoch 10/100 | Train Loss: 0.0383 | NDCG@10: 0.0250 | HR@10: 0.0546
2026-02-18 21:04:28 | Epoch 11/100 | Train Loss: 0.0374 | NDCG@10: 0.0261 | HR@10: 0.0571
2026-02-18 21:04:35 | Epoch 12/100 | Train Loss: 0.0365 | NDCG@10: 0.0266 | HR@10: 0.0572
2026-02-18 21:04:43 | Epoch 13/100 | Train Loss: 0.0358 | NDCG@10: 0.0268 | HR@10: 0.0576
2026-02-18 21:04:50 | Epoch 14/100 | Train Loss: 0.0350 | NDCG@10: 0.0273 | HR@10: 0.0587
2026-02-18 21:04:58 | Epoch 15/100 | Train Loss: 0.0342 | NDCG@10: 0.0284 | HR@10: 0.0614
2026-02-18 21:05:05 | Epoch 16/100 | Train Loss: 0.0335 | NDCG@10: 0.0287 | HR@10: 0.0615
2026-02-18 21:05:12 | Epoch 17/100 | Train Loss: 0.0327 | NDCG@10: 0.0286 | HR@10: 0.0619
2026-02-18 21:05:20 | Epoch 18/100 | Train Loss: 0.0319 | NDCG@10: 0.0297 | HR@10: 0.0637
2026-02-18 21:05:27 | Epoch 19/100 | Train Loss: 0.0312 | NDCG@10: 0.0298 | HR@10: 0.0639
2026-02-18 21:05:36 | Epoch 20/100 | Train Loss: 0.0304 | NDCG@10: 0.0306 | HR@10: 0.0649
2026-02-18 21:05:43 | Epoch 21/100 | Train Loss: 0.0297 | NDCG@10: 0.0310 | HR@10: 0.0661
2026-02-18 21:05:51 | Epoch 22/100 | Train Loss: 0.0287 | NDCG@10: 0.0313 | HR@10: 0.0667
2026-02-18 21:05:58 | Epoch 23/100 | Train Loss: 0.0280 | NDCG@10: 0.0313 | HR@10: 0.0674
2026-02-18 21:06:06 | Epoch 24/100 | Train Loss: 0.0272 | NDCG@10: 0.0318 | HR@10: 0.0676
2026-02-18 21:06:14 | Epoch 25/100 | Train Loss: 0.0263 | NDCG@10: 0.0318 | HR@10: 0.0677
2026-02-18 21:06:22 | Epoch 26/100 | Train Loss: 0.0255 | NDCG@10: 0.0323 | HR@10: 0.0687
2026-02-18 21:06:30 | Epoch 27/100 | Train Loss: 0.0247 | NDCG@10: 0.0320 | HR@10: 0.0684
2026-02-18 21:06:38 | Epoch 28/100 | Train Loss: 0.0242 | NDCG@10: 0.0320 | HR@10: 0.0675
2026-02-18 21:06:45 | Epoch 29/100 | Train Loss: 0.0234 | NDCG@10: 0.0326 | HR@10: 0.0684
2026-02-18 21:06:54 | Epoch 30/100 | Train Loss: 0.0226 | NDCG@10: 0.0327 | HR@10: 0.0679
2026-02-18 21:07:01 | Epoch 31/100 | Train Loss: 0.0217 | NDCG@10: 0.0319 | HR@10: 0.0679
2026-02-18 21:07:09 | Epoch 32/100 | Train Loss: 0.0210 | NDCG@10: 0.0329 | HR@10: 0.0690
2026-02-18 21:07:17 | Epoch 33/100 | Train Loss: 0.0203 | NDCG@10: 0.0330 | HR@10: 0.0690
2026-02-18 21:07:25 | Epoch 34/100 | Train Loss: 0.0195 | NDCG@10: 0.0324 | HR@10: 0.0675
2026-02-18 21:07:33 | Epoch 35/100 | Train Loss: 0.0191 | NDCG@10: 0.0330 | HR@10: 0.0702
2026-02-18 21:07:41 | Epoch 36/100 | Train Loss: 0.0189 | NDCG@10: 0.0323 | HR@10: 0.0674
2026-02-18 21:07:50 | Epoch 37/100 | Train Loss: 0.0181 | NDCG@10: 0.0332 | HR@10: 0.0697
2026-02-18 21:07:58 | Epoch 38/100 | Train Loss: 0.0174 | NDCG@10: 0.0325 | HR@10: 0.0680
2026-02-18 21:08:05 | Epoch 39/100 | Train Loss: 0.0167 | NDCG@10: 0.0324 | HR@10: 0.0670
2026-02-18 21:08:13 | Epoch 40/100 | Train Loss: 0.0161 | NDCG@10: 0.0323 | HR@10: 0.0670
2026-02-18 21:08:20 | Epoch 41/100 | Train Loss: 0.0155 | NDCG@10: 0.0325 | HR@10: 0.0682
2026-02-18 21:08:27 | Epoch 42/100 | Train Loss: 0.0151 | NDCG@10: 0.0324 | HR@10: 0.0670
2026-02-18 21:08:34 | Epoch 43/100 | Train Loss: 0.0146 | NDCG@10: 0.0336 | HR@10: 0.0683
2026-02-18 21:08:42 | Epoch 44/100 | Train Loss: 0.0142 | NDCG@10: 0.0328 | HR@10: 0.0687
2026-02-18 21:08:49 | Epoch 45/100 | Train Loss: 0.0137 | NDCG@10: 0.0325 | HR@10: 0.0675
2026-02-18 21:08:56 | Epoch 46/100 | Train Loss: 0.0136 | NDCG@10: 0.0331 | HR@10: 0.0685
2026-02-18 21:09:04 | Epoch 47/100 | Train Loss: 0.0135 | NDCG@10: 0.0330 | HR@10: 0.0694
2026-02-18 21:09:11 | Epoch 48/100 | Train Loss: 0.0132 | NDCG@10: 0.0327 | HR@10: 0.0682
2026-02-18 21:09:18 | Epoch 49/100 | Train Loss: 0.0129 | NDCG@10: 0.0332 | HR@10: 0.0690
2026-02-18 21:09:26 | Epoch 50/100 | Train Loss: 0.0121 | NDCG@10: 0.0329 | HR@10: 0.0684
2026-02-18 21:09:33 | Epoch 51/100 | Train Loss: 0.0120 | NDCG@10: 0.0330 | HR@10: 0.0696
2026-02-18 21:09:39 | Epoch 52/100 | Train Loss: 0.0117 | NDCG@10: 0.0339 | HR@10: 0.0709
2026-02-18 21:09:47 | Epoch 53/100 | Train Loss: 0.0115 | NDCG@10: 0.0325 | HR@10: 0.0686
2026-02-18 21:09:53 | Epoch 54/100 | Train Loss: 0.0115 | NDCG@10: 0.0328 | HR@10: 0.0681
2026-02-18 21:09:59 | Epoch 55/100 | Train Loss: 0.0115 | NDCG@10: 0.0329 | HR@10: 0.0690
2026-02-18 21:10:06 | Epoch 56/100 | Train Loss: 0.0115 | NDCG@10: 0.0334 | HR@10: 0.0688
2026-02-18 21:10:14 | Epoch 57/100 | Train Loss: 0.0109 | NDCG@10: 0.0332 | HR@10: 0.0692
2026-02-18 21:10:22 | Epoch 58/100 | Train Loss: 0.0109 | NDCG@10: 0.0330 | HR@10: 0.0704
2026-02-18 21:10:30 | Epoch 59/100 | Train Loss: 0.0107 | NDCG@10: 0.0328 | HR@10: 0.0690
2026-02-18 21:10:38 | Epoch 60/100 | Train Loss: 0.0106 | NDCG@10: 0.0327 | HR@10: 0.0685
2026-02-18 21:10:46 | Epoch 61/100 | Train Loss: 0.0104 | NDCG@10: 0.0331 | HR@10: 0.0699
2026-02-18 21:10:54 | Epoch 62/100 | Train Loss: 0.0106 | NDCG@10: 0.0328 | HR@10: 0.0685
2026-02-18 21:11:02 | Epoch 63/100 | Train Loss: 0.0101 | NDCG@10: 0.0327 | HR@10: 0.0685
2026-02-18 21:11:10 | Epoch 64/100 | Train Loss: 0.0101 | NDCG@10: 0.0332 | HR@10: 0.0689
2026-02-18 21:11:18 | Epoch 65/100 | Train Loss: 0.0102 | NDCG@10: 0.0329 | HR@10: 0.0693
2026-02-18 21:11:27 | Epoch 66/100 | Train Loss: 0.0103 | NDCG@10: 0.0336 | HR@10: 0.0694
2026-02-18 21:11:35 | Epoch 67/100 | Train Loss: 0.0100 | NDCG@10: 0.0332 | HR@10: 0.0694
2026-02-18 21:11:43 | Epoch 68/100 | Train Loss: 0.0099 | NDCG@10: 0.0331 | HR@10: 0.0691
2026-02-18 21:11:51 | Epoch 69/100 | Train Loss: 0.0098 | NDCG@10: 0.0333 | HR@10: 0.0693
2026-02-18 21:11:59 | Epoch 70/100 | Train Loss: 0.0097 | NDCG@10: 0.0333 | HR@10: 0.0695
2026-02-18 21:12:07 | Epoch 71/100 | Train Loss: 0.0096 | NDCG@10: 0.0330 | HR@10: 0.0690
2026-02-18 21:12:15 | Epoch 72/100 | Train Loss: 0.0095 | NDCG@10: 0.0333 | HR@10: 0.0695
2026-02-18 21:12:15 | Early stopping at epoch 72, best epoch: 52, best NDCG@10: 0.0339
2026-02-18 21:12:15 | Training finished. Best epoch: 52, Best NDCG@10: 0.0339
2026-02-18 21:12:15 | Step1 Item Embedding saved to ./Intro_problem/fashion/step1_item_emb.pkl
2026-02-18 21:12:15 | Collecting attention weights (display_len=20)...
2026-02-18 21:12:23 | Averaged over 6 samples
2026-02-18 21:12:25 | Attention heatmap saved to ./Intro_problem/fashion/step1/attn_heatmap_step1.png
