2026-02-18 21:47:06 | Log file: ./Intro_problem/fashion/logs/step4_20260218_214706.log
2026-02-18 21:47:06 | ============================================================
2026-02-18 21:47:06 | Experiment Configuration
2026-02-18 21:47:06 | ============================================================
2026-02-18 21:47:06 |   experiment: step4
2026-02-18 21:47:06 |   dataset: fashion
2026-02-18 21:47:06 |   inter_file: inter
2026-02-18 21:47:06 |   max_len: 50
2026-02-18 21:47:06 |   aug_seq_len: 0
2026-02-18 21:47:06 |   batch_size: 128
2026-02-18 21:47:06 |   num_train_epochs: 100
2026-02-18 21:47:06 |   num_workers: 0
2026-02-18 21:47:06 |   test_neg: 100
2026-02-18 21:47:06 |   lr: 0.001
2026-02-18 21:47:06 |   patience: 20
2026-02-18 21:47:06 |   align_lambda: 1.0
2026-02-18 21:47:06 |   attn_display_len: 20
2026-02-18 21:47:06 |   seed: 42
2026-02-18 21:47:06 | ============================================================
2026-02-18 21:47:06 | Dataset: fashion | Users: 22024 | Items: 22633
2026-02-18 21:47:06 | Train samples: 12547 | Eval samples: 16005
2026-02-18 21:47:06 | Loaded ID Embedding from ./data/fashion/handled/pca64_itm_emb_np.pkl, shape: (22662, 64)
2026-02-18 21:47:06 | Loaded Modality Embedding from ./data/fashion/handled/itm_emb_np.pkl, shape: (22662, 768)
2026-02-18 21:47:06 | ===== Running Step4: Modality + Normalize Adapter + BCE + MSE Align =====
2026-02-18 21:47:24 | Epoch 1/100 | Train Loss: 0.3385 | NDCG@10: 0.0349 | HR@10: 0.0773
2026-02-18 21:47:33 | Epoch 2/100 | Train Loss: 0.1283 | NDCG@10: 0.1154 | HR@10: 0.2396
2026-02-18 21:47:42 | Epoch 3/100 | Train Loss: 0.1068 | NDCG@10: 0.2026 | HR@10: 0.3431
2026-02-18 21:47:51 | Epoch 4/100 | Train Loss: 0.0900 | NDCG@10: 0.2162 | HR@10: 0.3661
2026-02-18 21:48:00 | Epoch 5/100 | Train Loss: 0.0778 | NDCG@10: 0.2476 | HR@10: 0.3753
2026-02-18 21:48:08 | Epoch 6/100 | Train Loss: 0.0682 | NDCG@10: 0.2681 | HR@10: 0.3943
2026-02-18 21:48:16 | Epoch 7/100 | Train Loss: 0.0610 | NDCG@10: 0.2852 | HR@10: 0.3943
2026-02-18 21:48:25 | Epoch 8/100 | Train Loss: 0.0550 | NDCG@10: 0.3146 | HR@10: 0.4171
2026-02-18 21:48:34 | Epoch 9/100 | Train Loss: 0.0599 | NDCG@10: 0.2231 | HR@10: 0.3313
2026-02-18 21:48:42 | Epoch 10/100 | Train Loss: 0.1081 | NDCG@10: 0.3110 | HR@10: 0.4174
2026-02-18 21:48:50 | Epoch 11/100 | Train Loss: 0.0477 | NDCG@10: 0.3386 | HR@10: 0.4277
2026-02-18 21:48:59 | Epoch 12/100 | Train Loss: 0.0426 | NDCG@10: 0.3431 | HR@10: 0.4351
2026-02-18 21:49:09 | Epoch 13/100 | Train Loss: 0.0389 | NDCG@10: 0.3408 | HR@10: 0.4302
2026-02-18 21:49:17 | Epoch 14/100 | Train Loss: 0.0362 | NDCG@10: 0.3431 | HR@10: 0.4321
2026-02-18 21:49:25 | Epoch 15/100 | Train Loss: 0.0348 | NDCG@10: 0.3406 | HR@10: 0.4287
2026-02-18 21:49:32 | Epoch 16/100 | Train Loss: 0.0330 | NDCG@10: 0.3439 | HR@10: 0.4317
2026-02-18 21:49:41 | Epoch 17/100 | Train Loss: 0.0307 | NDCG@10: 0.3480 | HR@10: 0.4367
2026-02-18 21:49:50 | Epoch 18/100 | Train Loss: 0.0312 | NDCG@10: 0.3392 | HR@10: 0.4261
2026-02-18 21:49:57 | Epoch 19/100 | Train Loss: 0.0291 | NDCG@10: 0.3456 | HR@10: 0.4308
2026-02-18 21:50:05 | Epoch 20/100 | Train Loss: 0.0276 | NDCG@10: 0.3500 | HR@10: 0.4376
2026-02-18 21:50:14 | Epoch 21/100 | Train Loss: 0.0267 | NDCG@10: 0.3476 | HR@10: 0.4341
2026-02-18 21:50:22 | Epoch 22/100 | Train Loss: 0.0287 | NDCG@10: 0.3448 | HR@10: 0.4292
2026-02-18 21:50:28 | Epoch 23/100 | Train Loss: 0.0248 | NDCG@10: 0.3501 | HR@10: 0.4381
2026-02-18 21:50:37 | Epoch 24/100 | Train Loss: 0.0248 | NDCG@10: 0.3507 | HR@10: 0.4386
2026-02-18 21:50:46 | Epoch 25/100 | Train Loss: 0.0236 | NDCG@10: 0.3496 | HR@10: 0.4358
2026-02-18 21:50:54 | Epoch 26/100 | Train Loss: 0.0221 | NDCG@10: 0.3510 | HR@10: 0.4364
2026-02-18 21:51:03 | Epoch 27/100 | Train Loss: 0.0240 | NDCG@10: 0.3436 | HR@10: 0.4266
2026-02-18 21:51:10 | Epoch 28/100 | Train Loss: 0.0218 | NDCG@10: 0.3487 | HR@10: 0.4326
2026-02-18 21:51:18 | Epoch 29/100 | Train Loss: 0.0214 | NDCG@10: 0.3444 | HR@10: 0.4261
2026-02-18 21:51:25 | Epoch 30/100 | Train Loss: 0.0248 | NDCG@10: 0.3469 | HR@10: 0.4311
2026-02-18 21:51:32 | Epoch 31/100 | Train Loss: 0.0208 | NDCG@10: 0.3489 | HR@10: 0.4341
2026-02-18 21:51:39 | Epoch 32/100 | Train Loss: 0.0203 | NDCG@10: 0.3487 | HR@10: 0.4335
2026-02-18 21:51:47 | Epoch 33/100 | Train Loss: 0.0203 | NDCG@10: 0.3484 | HR@10: 0.4321
2026-02-18 21:51:54 | Epoch 34/100 | Train Loss: 0.0196 | NDCG@10: 0.3495 | HR@10: 0.4355
2026-02-18 21:52:01 | Epoch 35/100 | Train Loss: 0.0187 | NDCG@10: 0.3470 | HR@10: 0.4269
2026-02-18 21:52:09 | Epoch 36/100 | Train Loss: 0.0182 | NDCG@10: 0.3462 | HR@10: 0.4283
2026-02-18 21:52:17 | Epoch 37/100 | Train Loss: 0.0202 | NDCG@10: 0.3443 | HR@10: 0.4246
2026-02-18 21:52:24 | Epoch 38/100 | Train Loss: 0.0191 | NDCG@10: 0.3470 | HR@10: 0.4285
2026-02-18 21:52:32 | Epoch 39/100 | Train Loss: 0.0190 | NDCG@10: 0.3546 | HR@10: 0.4420
2026-02-18 21:52:41 | Epoch 40/100 | Train Loss: 0.0190 | NDCG@10: 0.3481 | HR@10: 0.4328
2026-02-18 21:52:48 | Epoch 41/100 | Train Loss: 0.0181 | NDCG@10: 0.3451 | HR@10: 0.4272
2026-02-18 21:52:56 | Epoch 42/100 | Train Loss: 0.0180 | NDCG@10: 0.3477 | HR@10: 0.4286
2026-02-18 21:53:04 | Epoch 43/100 | Train Loss: 0.0169 | NDCG@10: 0.3459 | HR@10: 0.4261
2026-02-18 21:53:12 | Epoch 44/100 | Train Loss: 0.0167 | NDCG@10: 0.3454 | HR@10: 0.4241
2026-02-18 21:53:20 | Epoch 45/100 | Train Loss: 0.0180 | NDCG@10: 0.3503 | HR@10: 0.4329
2026-02-18 21:53:27 | Epoch 46/100 | Train Loss: 0.0172 | NDCG@10: 0.3464 | HR@10: 0.4280
2026-02-18 21:53:35 | Epoch 47/100 | Train Loss: 0.0174 | NDCG@10: 0.3456 | HR@10: 0.4268
2026-02-18 21:53:43 | Epoch 48/100 | Train Loss: 0.0163 | NDCG@10: 0.3476 | HR@10: 0.4289
2026-02-18 21:53:52 | Epoch 49/100 | Train Loss: 0.0173 | NDCG@10: 0.3447 | HR@10: 0.4220
2026-02-18 21:54:00 | Epoch 50/100 | Train Loss: 0.0171 | NDCG@10: 0.3389 | HR@10: 0.4155
2026-02-18 21:54:08 | Epoch 51/100 | Train Loss: 0.0168 | NDCG@10: 0.3465 | HR@10: 0.4256
2026-02-18 21:54:16 | Epoch 52/100 | Train Loss: 0.0164 | NDCG@10: 0.3437 | HR@10: 0.4213
2026-02-18 21:54:25 | Epoch 53/100 | Train Loss: 0.0169 | NDCG@10: 0.3428 | HR@10: 0.4237
2026-02-18 21:54:34 | Epoch 54/100 | Train Loss: 0.0182 | NDCG@10: 0.3422 | HR@10: 0.4213
2026-02-18 21:54:42 | Epoch 55/100 | Train Loss: 0.0164 | NDCG@10: 0.3459 | HR@10: 0.4291
2026-02-18 21:54:50 | Epoch 56/100 | Train Loss: 0.0160 | NDCG@10: 0.3496 | HR@10: 0.4332
2026-02-18 21:54:58 | Epoch 57/100 | Train Loss: 0.0152 | NDCG@10: 0.3446 | HR@10: 0.4255
2026-02-18 21:55:06 | Epoch 58/100 | Train Loss: 0.0151 | NDCG@10: 0.3469 | HR@10: 0.4282
2026-02-18 21:55:14 | Epoch 59/100 | Train Loss: 0.0153 | NDCG@10: 0.3431 | HR@10: 0.4234
2026-02-18 21:55:14 | Early stopping at epoch 59, best epoch: 39, best NDCG@10: 0.3546
2026-02-18 21:55:14 | Training finished. Best epoch: 39, Best NDCG@10: 0.3546
2026-02-18 21:55:17 | Collecting attention weights (display_len=20)...
2026-02-18 21:55:24 | Averaged over 6 samples
2026-02-18 21:55:26 | Attention heatmap saved to ./Intro_problem/fashion/step4/attn_heatmap_step4.png
