2026-02-18 00:27:58 | Log file: ./Intro_problem/fashion/logs/step1_20260218_002758.log
2026-02-18 00:27:58 | ============================================================
2026-02-18 00:27:58 | Experiment Configuration
2026-02-18 00:27:58 | ============================================================
2026-02-18 00:27:58 |   experiment: step1
2026-02-18 00:27:58 |   dataset: fashion
2026-02-18 00:27:58 |   inter_file: inter
2026-02-18 00:27:58 |   max_len: 200
2026-02-18 00:27:58 |   aug_seq_len: 0
2026-02-18 00:27:58 |   batch_size: 128
2026-02-18 00:27:58 |   num_train_epochs: 100
2026-02-18 00:27:58 |   num_workers: 0
2026-02-18 00:27:58 |   test_neg: 100
2026-02-18 00:27:58 |   lr: 0.001
2026-02-18 00:27:58 |   patience: 20
2026-02-18 00:27:58 |   align_lambda: 1.0
2026-02-18 00:27:58 |   seed: 42
2026-02-18 00:27:58 | ============================================================
2026-02-18 00:27:59 | Dataset: fashion | Users: 22024 | Items: 22633
2026-02-18 00:27:59 | Train samples: 12547 | Eval samples: 16005
2026-02-18 00:27:59 | Loaded ID Embedding from ./data/fashion/handled/pca64_itm_emb_np.pkl, shape: (22662, 64)
2026-02-18 00:28:00 | Loaded Modality Embedding from ./data/fashion/handled/itm_emb_np.pkl, shape: (22662, 768)
2026-02-18 00:28:00 | ===== Running Step1: ID Embedding + SASRec + BCE =====
2026-02-18 00:28:17 | Epoch 1/100 | Train Loss: 0.5207 | NDCG@10: 0.0204 | HR@10: 0.0458
2026-02-18 00:28:25 | Epoch 2/100 | Train Loss: 0.3073 | NDCG@10: 0.0210 | HR@10: 0.0477
2026-02-18 00:28:32 | Epoch 3/100 | Train Loss: 0.1933 | NDCG@10: 0.0220 | HR@10: 0.0492
2026-02-18 00:28:40 | Epoch 4/100 | Train Loss: 0.1122 | NDCG@10: 0.0227 | HR@10: 0.0518
2026-02-18 00:28:47 | Epoch 5/100 | Train Loss: 0.0675 | NDCG@10: 0.0237 | HR@10: 0.0535
2026-02-18 00:28:54 | Epoch 6/100 | Train Loss: 0.0490 | NDCG@10: 0.0233 | HR@10: 0.0529
2026-02-18 00:29:01 | Epoch 7/100 | Train Loss: 0.0427 | NDCG@10: 0.0247 | HR@10: 0.0544
2026-02-18 00:29:09 | Epoch 8/100 | Train Loss: 0.0401 | NDCG@10: 0.0244 | HR@10: 0.0558
2026-02-18 00:29:16 | Epoch 9/100 | Train Loss: 0.0388 | NDCG@10: 0.0253 | HR@10: 0.0564
2026-02-18 00:29:23 | Epoch 10/100 | Train Loss: 0.0377 | NDCG@10: 0.0261 | HR@10: 0.0581
2026-02-18 00:29:31 | Epoch 11/100 | Train Loss: 0.0368 | NDCG@10: 0.0271 | HR@10: 0.0595
2026-02-18 00:29:38 | Epoch 12/100 | Train Loss: 0.0359 | NDCG@10: 0.0278 | HR@10: 0.0605
2026-02-18 00:29:46 | Epoch 13/100 | Train Loss: 0.0352 | NDCG@10: 0.0285 | HR@10: 0.0620
2026-02-18 00:29:53 | Epoch 14/100 | Train Loss: 0.0344 | NDCG@10: 0.0284 | HR@10: 0.0604
2026-02-18 00:30:00 | Epoch 15/100 | Train Loss: 0.0337 | NDCG@10: 0.0286 | HR@10: 0.0625
2026-02-18 00:30:07 | Epoch 16/100 | Train Loss: 0.0330 | NDCG@10: 0.0293 | HR@10: 0.0644
2026-02-18 00:30:15 | Epoch 17/100 | Train Loss: 0.0322 | NDCG@10: 0.0300 | HR@10: 0.0656
2026-02-18 00:30:22 | Epoch 18/100 | Train Loss: 0.0314 | NDCG@10: 0.0309 | HR@10: 0.0661
2026-02-18 00:30:30 | Epoch 19/100 | Train Loss: 0.0306 | NDCG@10: 0.0313 | HR@10: 0.0674
2026-02-18 00:30:37 | Epoch 20/100 | Train Loss: 0.0298 | NDCG@10: 0.0312 | HR@10: 0.0678
2026-02-18 00:30:44 | Epoch 21/100 | Train Loss: 0.0290 | NDCG@10: 0.0314 | HR@10: 0.0682
2026-02-18 00:30:52 | Epoch 22/100 | Train Loss: 0.0282 | NDCG@10: 0.0315 | HR@10: 0.0670
2026-02-18 00:30:59 | Epoch 23/100 | Train Loss: 0.0273 | NDCG@10: 0.0323 | HR@10: 0.0691
2026-02-18 00:31:07 | Epoch 24/100 | Train Loss: 0.0266 | NDCG@10: 0.0320 | HR@10: 0.0687
2026-02-18 00:31:14 | Epoch 25/100 | Train Loss: 0.0258 | NDCG@10: 0.0330 | HR@10: 0.0690
2026-02-18 00:31:21 | Epoch 26/100 | Train Loss: 0.0250 | NDCG@10: 0.0330 | HR@10: 0.0712
2026-02-18 00:31:29 | Epoch 27/100 | Train Loss: 0.0242 | NDCG@10: 0.0327 | HR@10: 0.0699
2026-02-18 00:31:36 | Epoch 28/100 | Train Loss: 0.0236 | NDCG@10: 0.0325 | HR@10: 0.0686
2026-02-18 00:31:43 | Epoch 29/100 | Train Loss: 0.0227 | NDCG@10: 0.0326 | HR@10: 0.0692
2026-02-18 00:31:50 | Epoch 30/100 | Train Loss: 0.0219 | NDCG@10: 0.0334 | HR@10: 0.0699
2026-02-18 00:31:58 | Epoch 31/100 | Train Loss: 0.0211 | NDCG@10: 0.0324 | HR@10: 0.0689
2026-02-18 00:32:05 | Epoch 32/100 | Train Loss: 0.0205 | NDCG@10: 0.0339 | HR@10: 0.0711
2026-02-18 00:32:13 | Epoch 33/100 | Train Loss: 0.0200 | NDCG@10: 0.0341 | HR@10: 0.0710
2026-02-18 00:32:20 | Epoch 34/100 | Train Loss: 0.0192 | NDCG@10: 0.0343 | HR@10: 0.0720
2026-02-18 00:32:27 | Epoch 35/100 | Train Loss: 0.0187 | NDCG@10: 0.0340 | HR@10: 0.0725
2026-02-18 00:32:34 | Epoch 36/100 | Train Loss: 0.0180 | NDCG@10: 0.0336 | HR@10: 0.0702
2026-02-18 00:32:42 | Epoch 37/100 | Train Loss: 0.0172 | NDCG@10: 0.0330 | HR@10: 0.0697
2026-02-18 00:32:49 | Epoch 38/100 | Train Loss: 0.0168 | NDCG@10: 0.0336 | HR@10: 0.0715
2026-02-18 00:32:56 | Epoch 39/100 | Train Loss: 0.0164 | NDCG@10: 0.0345 | HR@10: 0.0712
2026-02-18 00:33:03 | Epoch 40/100 | Train Loss: 0.0162 | NDCG@10: 0.0340 | HR@10: 0.0717
2026-02-18 00:33:11 | Epoch 41/100 | Train Loss: 0.0156 | NDCG@10: 0.0337 | HR@10: 0.0707
2026-02-18 00:33:18 | Epoch 42/100 | Train Loss: 0.0147 | NDCG@10: 0.0345 | HR@10: 0.0707
2026-02-18 00:33:25 | Epoch 43/100 | Train Loss: 0.0149 | NDCG@10: 0.0336 | HR@10: 0.0700
2026-02-18 00:33:32 | Epoch 44/100 | Train Loss: 0.0140 | NDCG@10: 0.0341 | HR@10: 0.0711
2026-02-18 00:33:40 | Epoch 45/100 | Train Loss: 0.0137 | NDCG@10: 0.0342 | HR@10: 0.0715
2026-02-18 00:33:47 | Epoch 46/100 | Train Loss: 0.0133 | NDCG@10: 0.0344 | HR@10: 0.0724
2026-02-18 00:33:54 | Epoch 47/100 | Train Loss: 0.0133 | NDCG@10: 0.0343 | HR@10: 0.0714
2026-02-18 00:34:01 | Epoch 48/100 | Train Loss: 0.0127 | NDCG@10: 0.0340 | HR@10: 0.0708
2026-02-18 00:34:08 | Epoch 49/100 | Train Loss: 0.0124 | NDCG@10: 0.0347 | HR@10: 0.0713
2026-02-18 00:34:16 | Epoch 50/100 | Train Loss: 0.0129 | NDCG@10: 0.0335 | HR@10: 0.0712
2026-02-18 00:34:23 | Epoch 51/100 | Train Loss: 0.0121 | NDCG@10: 0.0340 | HR@10: 0.0721
2026-02-18 00:34:30 | Epoch 52/100 | Train Loss: 0.0124 | NDCG@10: 0.0346 | HR@10: 0.0721
2026-02-18 00:34:37 | Epoch 53/100 | Train Loss: 0.0115 | NDCG@10: 0.0342 | HR@10: 0.0719
2026-02-18 00:34:44 | Epoch 54/100 | Train Loss: 0.0113 | NDCG@10: 0.0344 | HR@10: 0.0704
2026-02-18 00:34:52 | Epoch 55/100 | Train Loss: 0.0113 | NDCG@10: 0.0347 | HR@10: 0.0728
2026-02-18 00:34:59 | Epoch 56/100 | Train Loss: 0.0112 | NDCG@10: 0.0348 | HR@10: 0.0715
2026-02-18 00:35:06 | Epoch 57/100 | Train Loss: 0.0110 | NDCG@10: 0.0339 | HR@10: 0.0712
2026-02-18 00:35:14 | Epoch 58/100 | Train Loss: 0.0108 | NDCG@10: 0.0341 | HR@10: 0.0716
2026-02-18 00:35:21 | Epoch 59/100 | Train Loss: 0.0106 | NDCG@10: 0.0341 | HR@10: 0.0706
2026-02-18 00:35:28 | Epoch 60/100 | Train Loss: 0.0105 | NDCG@10: 0.0337 | HR@10: 0.0712
2026-02-18 00:35:35 | Epoch 61/100 | Train Loss: 0.0104 | NDCG@10: 0.0343 | HR@10: 0.0717
2026-02-18 00:35:43 | Epoch 62/100 | Train Loss: 0.0105 | NDCG@10: 0.0347 | HR@10: 0.0721
2026-02-18 00:35:50 | Epoch 63/100 | Train Loss: 0.0101 | NDCG@10: 0.0352 | HR@10: 0.0727
2026-02-18 00:35:57 | Epoch 64/100 | Train Loss: 0.0101 | NDCG@10: 0.0339 | HR@10: 0.0713
2026-02-18 00:36:04 | Epoch 65/100 | Train Loss: 0.0100 | NDCG@10: 0.0346 | HR@10: 0.0710
2026-02-18 00:36:11 | Epoch 66/100 | Train Loss: 0.0100 | NDCG@10: 0.0347 | HR@10: 0.0716
2026-02-18 00:36:19 | Epoch 67/100 | Train Loss: 0.0099 | NDCG@10: 0.0350 | HR@10: 0.0724
2026-02-18 00:36:26 | Epoch 68/100 | Train Loss: 0.0097 | NDCG@10: 0.0347 | HR@10: 0.0719
2026-02-18 00:36:33 | Epoch 69/100 | Train Loss: 0.0098 | NDCG@10: 0.0348 | HR@10: 0.0728
2026-02-18 00:36:40 | Epoch 70/100 | Train Loss: 0.0098 | NDCG@10: 0.0347 | HR@10: 0.0719
2026-02-18 00:36:47 | Epoch 71/100 | Train Loss: 0.0099 | NDCG@10: 0.0344 | HR@10: 0.0705
2026-02-18 00:36:55 | Epoch 72/100 | Train Loss: 0.0096 | NDCG@10: 0.0342 | HR@10: 0.0710
2026-02-18 00:37:02 | Epoch 73/100 | Train Loss: 0.0097 | NDCG@10: 0.0346 | HR@10: 0.0710
2026-02-18 00:37:09 | Epoch 74/100 | Train Loss: 0.0096 | NDCG@10: 0.0347 | HR@10: 0.0715
2026-02-18 00:37:16 | Epoch 75/100 | Train Loss: 0.0094 | NDCG@10: 0.0353 | HR@10: 0.0731
2026-02-18 00:37:23 | Epoch 76/100 | Train Loss: 0.0095 | NDCG@10: 0.0345 | HR@10: 0.0722
2026-02-18 00:37:30 | Epoch 77/100 | Train Loss: 0.0095 | NDCG@10: 0.0350 | HR@10: 0.0731
2026-02-18 00:37:38 | Epoch 78/100 | Train Loss: 0.0094 | NDCG@10: 0.0348 | HR@10: 0.0730
2026-02-18 00:37:45 | Epoch 79/100 | Train Loss: 0.0095 | NDCG@10: 0.0354 | HR@10: 0.0728
2026-02-18 00:37:52 | Epoch 80/100 | Train Loss: 0.0093 | NDCG@10: 0.0354 | HR@10: 0.0725
2026-02-18 00:37:59 | Epoch 81/100 | Train Loss: 0.0093 | NDCG@10: 0.0354 | HR@10: 0.0723
2026-02-18 00:38:07 | Epoch 82/100 | Train Loss: 0.0096 | NDCG@10: 0.0338 | HR@10: 0.0695
2026-02-18 00:38:14 | Epoch 83/100 | Train Loss: 0.0092 | NDCG@10: 0.0343 | HR@10: 0.0708
2026-02-18 00:38:21 | Epoch 84/100 | Train Loss: 0.0091 | NDCG@10: 0.0345 | HR@10: 0.0720
2026-02-18 00:38:29 | Epoch 85/100 | Train Loss: 0.0091 | NDCG@10: 0.0351 | HR@10: 0.0719
2026-02-18 00:38:36 | Epoch 86/100 | Train Loss: 0.0092 | NDCG@10: 0.0346 | HR@10: 0.0712
2026-02-18 00:38:43 | Epoch 87/100 | Train Loss: 0.0090 | NDCG@10: 0.0347 | HR@10: 0.0725
2026-02-18 00:38:50 | Epoch 88/100 | Train Loss: 0.0090 | NDCG@10: 0.0353 | HR@10: 0.0728
2026-02-18 00:38:57 | Epoch 89/100 | Train Loss: 0.0089 | NDCG@10: 0.0337 | HR@10: 0.0706
2026-02-18 00:39:05 | Epoch 90/100 | Train Loss: 0.0090 | NDCG@10: 0.0346 | HR@10: 0.0722
2026-02-18 00:39:12 | Epoch 91/100 | Train Loss: 0.0090 | NDCG@10: 0.0340 | HR@10: 0.0704
2026-02-18 00:39:19 | Epoch 92/100 | Train Loss: 0.0090 | NDCG@10: 0.0346 | HR@10: 0.0726
2026-02-18 00:39:26 | Epoch 93/100 | Train Loss: 0.0088 | NDCG@10: 0.0348 | HR@10: 0.0725
2026-02-18 00:39:33 | Epoch 94/100 | Train Loss: 0.0088 | NDCG@10: 0.0347 | HR@10: 0.0713
2026-02-18 00:39:40 | Epoch 95/100 | Train Loss: 0.0089 | NDCG@10: 0.0337 | HR@10: 0.0706
2026-02-18 00:39:48 | Epoch 96/100 | Train Loss: 0.0088 | NDCG@10: 0.0349 | HR@10: 0.0745
2026-02-18 00:39:55 | Epoch 97/100 | Train Loss: 0.0088 | NDCG@10: 0.0347 | HR@10: 0.0727
2026-02-18 00:40:02 | Epoch 98/100 | Train Loss: 0.0089 | NDCG@10: 0.0348 | HR@10: 0.0729
2026-02-18 00:40:10 | Epoch 99/100 | Train Loss: 0.0087 | NDCG@10: 0.0348 | HR@10: 0.0722
2026-02-18 00:40:17 | Epoch 100/100 | Train Loss: 0.0087 | NDCG@10: 0.0349 | HR@10: 0.0729
2026-02-18 00:40:17 | Training finished. Best epoch: 81, Best NDCG@10: 0.0354
2026-02-18 00:40:17 | Step1 Item Embedding saved to ./Intro_problem/fashion/step1_item_emb.pkl
